[www.fineartnori.com/index.html]
[backblue.gif]
[fade.gif]
[index.html]
[assets.squarespace.com/universal/default-favicon.ico]
[assets.squarespace.com/@sqs/polyfiller/1.6/legacy.js]
[assets.squarespace.com/universal/scripts-compressed/extract-css-runtime-6514352c3a647ca0-min.en-US.js]
[assets.squarespace.com/@sqs/polyfiller/1.6/modern.js]
[use.typekit.net/ik/TL9msad0Mo-q-BAlYe46KagvJlY_c4MWrG8IDPhcMj9fe7SIfFHN4UJLFRbh52jhWDjUjhBqjDi8jhmRZQ8cFeIawQwDZA9owy7wMkG0jAFu-WsoShFGZAsude80ZkoRdhXCHKoyjamTiY8Djhy8ZYmC-Ao1Oco8if37OcBDOcu8OfG0SaBujW48SagyjhmDjhy8ZYmC-A]
[assets.squarespace.com/universal/scripts-compressed/cldr-resource-pack-22ed584d99d9b83d-min.en-US.js]
[assets.squarespace.com/universal/scripts-compressed/extract-css-moment-js-vendor-6f2a1f6ec9a41489-min.en-US.js]
[assets.squarespace.com/universal/scripts-compressed/common-vendors-stable-fbd854d40b0804b7-min.en-US.js]
[assets.squarespace.com/universal/scripts-compressed/performance-9e9becad3f889213-min.en-US.js]
[assets.squarespace.com/universal/scripts-compressed/common-vendors-bde80c7679af5b90-min.en-US.js]
[assets.squarespace.com/universal/scripts-compressed/common-90414f3d00abc5d8-min.en-US.js]
[definitions.sqspcdn.com/website-component-definition/static-assets/website.components.spacer/0487faca-76de-45a9-9148-c2ffa64943f8_365/website.components.spacer.visitor.js]
[static1.squarespace.com/static/versioned-site-css/61cadc7ecece9f4a7133ee92/27/5c5a519771c10ba3470d8101/61cadc7fcece9f4a7133eece/1717/site.css]
[static1.squarespace.com/static/vta/5c5a519771c10ba3470d8101/versioned-assets/1766184538619-72W2T78VKF7EGEIPSK0V/static.css]
[www.fineartnori.com/cart.html]
[www.fineartnori.com/about.html]
[www.fineartnori.com/contact.html]
[images.squarespace-cdn.com/content/v1/61cadc7ecece9f4a7133ee92/f5c5b728-b485-4d92-bad7-9aba8d8f4fa8/abandoned+garden.jpg]
[images.squarespace-cdn.com/content/v1/61cadc7ecece9f4a7133ee92/fabf0c5b-a3f6-4a0b-ad99-cb65d02f286e/IMG_20220109_103954403.jpg]
[images.squarespace-cdn.com/content/v1/61cadc7ecece9f4a7133ee92/5679c5ab-51cb-423c-b82b-b5b6bc49a1fa/IMG_20210828_110318176.jpg]
[images.squarespace-cdn.com/content/v1/61cadc7ecece9f4a7133ee92/95810725-15b8-4097-bd61-21e2bfb75697/human.jpg]
[images.squarespace-cdn.com/content/v1/61cadc7ecece9f4a7133ee92/fee0b70a-7edf-4073-85c5-a162473d9eb9/fish.jpg]
[images.squarespace-cdn.com/content/v1/61cadc7ecece9f4a7133ee92/511a6a5d-f1e3-4f9e-bf48-47e94e14a803/factory.jpg]
[images.squarespace-cdn.com/content/v1/61cadc7ecece9f4a7133ee92/2147565d-673f-4002-9485-8d0391407fa4/IMG_20220109_104557562.jpg]
[images.squarespace-cdn.com/content/v1/61cadc7ecece9f4a7133ee92/103347c1-8684-4873-93a9-e923b7e32d7a/IMG_20220109_104116813.jpg]
[images.squarespace-cdn.com/content/v1/61cadc7ecece9f4a7133ee92/cfe317e2-337d-47a3-8dec-ee4301079f44/IMG_20220228_133117125.jpg]
[images.squarespace-cdn.com/content/v1/61cadc7ecece9f4a7133ee92/394ff820-c7a2-497c-8c7e-fcf096e9f6ae/crowd.jpg]
[images.squarespace-cdn.com/content/v1/61cadc7ecece9f4a7133ee92/19eb80b5-9b36-4f11-a5c6-99461863eda5/IMG_20221019_162439226.jpg]
[images.squarespace-cdn.com/content/v1/61cadc7ecece9f4a7133ee92/8339390d-f11a-43c5-bfcc-36335bd07791/IMG_20221217_130005417.jpg]
[images.squarespace-cdn.com/content/v1/61cadc7ecece9f4a7133ee92/8791e56c-bb78-4528-a8bc-ab28d8f71be6/IMG_20221217_130522257.jpg]
[images.squarespace-cdn.com/content/v1/61cadc7ecece9f4a7133ee92/8c11def7-7eac-4753-9b50-aca5a43b8e40/tree.jpg]
[images.squarespace-cdn.com/content/v1/61cadc7ecece9f4a7133ee92/49c8b3ce-b08c-49af-adf9-b165112322f4/IMG_20221217_125548643.jpg]
[images.squarespace-cdn.com/content/v1/61cadc7ecece9f4a7133ee92/a05ca772-4555-4d9d-980e-5593b059a2be/IMG_20221217_130328188.jpg]
[images.squarespace-cdn.com/content/v1/61cadc7ecece9f4a7133ee92/231839b6-550e-49a6-9e77-fc7a61dd576c/IMG_20221217_132636379.jpg]
[images.squarespace-cdn.com/content/v1/61cadc7ecece9f4a7133ee92/9cab6def-b220-4d47-b94b-4703c7b8ce07/one+man+show+in+New+York.jpg]
[www.fineartnori.com/index.html]
[images.squarespace-cdn.com/index.html]
[use.typekit.net/index.html]
[p.typekit.net/index.html]
[definitions.sqspcdn.com/website-component-definition/static-assets/website.components.spacer/0487faca-76de-45a9-9148-c2ffa64943f8_365/website.components.spacer.styles.css]
[static1.squarespace.com/static/vta/5c5a519771c10ba3470d8101/scripts/site-bundle.61b8fff676e6af18282a0ca344f678c6.js]
[assets.squarespace.com/universal/images-v6/damask/error-dark.png]
[assets.squarespace.com/universal/images-v6/damask/error-dark@2x.png]
[assets.squarespace.com/universal/images-v6/damask/play-button.png]
[assets.squarespace.com/universal/images-v6/damask/play-button@2x.png]
[assets.squarespace.com/universal/images-v6/damask/edit-aviary-light.png]
[assets.squarespace.com/universal/images-v6/damask/edit-aviary-light@2x.png]
[assets.squarespace.com/universal/images-v6/damask/edit-info-light.png]
[assets.squarespace.com/universal/images-v6/damask/edit-info-light@2x.png]
[assets.squarespace.com/universal/images-v6/damask/trash-9-light.png]
[assets.squarespace.com/universal/images-v6/damask/trash-9-light@2x.png]
[assets.squarespace.com/universal/images-v6/damask/trash-9-red.png]
[assets.squarespace.com/universal/images-v6/damask/trash-9-red@2x.png]
[assets.squarespace.com/universal/images-v6/damask/getty-16-light.png]
[assets.squarespace.com/universal/images-v6/damask/getty-32-light.png]
[assets.squarespace.com/universal/images-v6/damask/shopping-cart-16-light.png]
[assets.squarespace.com/universal/images-v6/damask/shopping-cart-32-light.png]
[assets.squarespace.com/universal/images-v6/icons/block-indicator-dark.png]
[assets.squarespace.com/universal/images-v6/icons/block-indicator-dark@2x.png]
[assets.squarespace.com/universal/fonts/squarespace-ui-font.svg]
[assets.squarespace.com/universal/images-v6/icons/opentable-icons.svg]
[assets.squarespace.com/universal/images-v6/icons/opentable-icons.png]
[assets.squarespace.com/universal/images-v6/icons/icon-searchqueries-20-dark.png]
[assets.squarespace.com/universal/images-v6/icons/icon-searchqueries-20-light.png]
[assets.squarespace.com/universal/images-v6/icons/icon-video-24-light-solid.png]
[assets.squarespace.com/universal/images-v6/standard/icon_close_7_light.png]
[assets.squarespace.com/universal/images-v6/icons/icon-settings-16-light.png]
[assets.squarespace.com/universal/fonts/social-20141119/social-icon-font.svg]
[static1.squarespace.com/static/versioned-site-css/61cadc7ecece9f4a7133ee92/27/5c5a519771c10ba3470d8101/61cadc7fcece9f4a7133eece/1717/site.css]
[static1.squarespace.com/static/vta/5c5a519771c10ba3470d8101/versioned-assets/1766184538619-72W2T78VKF7EGEIPSK0V/static.css]
[www.fineartnori.com/cart.html]
[www.fineartnori.com/about.html]
[www.fineartnori.com/contact.html]
[assets.squarespace.com/universal/fonts/squarespace-ui-font.svg]
[assets.squarespace.com/universal/images-v6/icons/opentable-icons.svg]
[assets.squarespace.com/universal/fonts/social-20141119/social-icon-font.svg]
